
> mek-tycoon-react@0.1.0 build
> next build

 ⚠ Warning: Next.js inferred your workspace root, but it may not be correct.
 We detected multiple lockfiles and selected the directory of C:\Users\Ben Meyers\package-lock.json as the root directory.
 To silence this warning, set `outputFileTracingRoot` in your Next.js config, or consider removing one of the lockfiles if it's not needed.
   See https://nextjs.org/docs/app/api-reference/config/next-config-js/output#caveats for more information.
 Detected additional lockfiles: 
   * C:\Users\Ben Meyers\Documents\Mek Tycoon\TYCOON REACT 8-27\mek-tycoon-react-staging\package-lock.json

   ▲ Next.js 15.5.4
   - Environments: .env.local
   - Experiments (use with caution):
     · cpus: 1
     · clientTraceMetadata

   Creating an optimized production build ...
